GNU gdb (GDB) Red Hat Enterprise Linux 8.2-18.el8
Copyright (C) 2018 Free Software Foundation, Inc.
License GPLv3+: GNU GPL version 3 or later <http://gnu.org/licenses/gpl.html>
This is free software: you are free to change and redistribute it.
There is NO WARRANTY, to the extent permitted by law.
Type "show copying" and "show warranty" for details.
This GDB was configured as "x86_64-redhat-linux-gnu".
Type "show configuration" for configuration details.
For bug reporting instructions, please see:
<http://www.gnu.org/software/gdb/bugs/>.
Find the GDB manual and other documentation resources online at:
    <http://www.gnu.org/software/gdb/documentation/>.

For help, type "help".
Type "apropos word" to search for commands related to "word"...
Reading symbols from ./two...done.
(gdb) (gdb) 
(gdb) (gdb) q(gdb) (gdb) 
(gdb) 
(gdb) 
(gdb) 
Display all 191 possibilities? (y or n)^C^C^C
!                                demangle                         if                               rc                               symbol-file
+                                detach                           ignore                           record                           tabset
-                                directory                        ignore-errors                    refresh                          target
<                                disable                          inferior                         remote                           task
>                                disassemble                      info                             remove-inferiors                 tbreak
actions                          disconnect                       init-if-undefined                remove-symbol-file               tcatch
add-auto-load-safe-path          display                          interpreter-exec                 restart                          tdump
add-auto-load-scripts-directory  document                         interrupt                        restore                          teval
add-inferior                     dont-repeat                      jit-reader-load                  return                           tfind
add-symbol-file                  down                             jit-reader-unload                reverse-continue                 thbreak
add-symbol-file-from-memory      down-silently                    jump                             reverse-finish                   thread
advance                          dprintf                          kill                             reverse-next                     tp
agent-printf                     dump                             layout                           reverse-nexti                    trace
alias                            echo                             list                             reverse-search                   tsave
append                           edit                             load                             reverse-step                     tstart
apropos                          enable                           macro                            reverse-stepi                    tstatus
attach                           end                              maintenance                      rni                              tstop
awatch                           eval                             make                             rsi                              tty
backtrace                        exec-file                        mem                              run                              tui
bookmark                         explore                          monitor                          rwatch                           tvariable
break                            expression                       new-ui                           save                             undisplay
break-range                      file                             next                             search                           unset
bt                               find                             nexti                            section                          until
call                             finish                           ni                               select-frame                     up
catch                            flash-erase                      nosharedlibrary                  set                              up-silently
cd                               flushregs                        output                           sharedlibrary                    update
checkpoint                       focus                            overlay                          shell                            watch
clear                            forward-search                   passcount                        show                             wh
clone-inferior                   frame                            path                             si                               whatis
collect                          fs                               print                            signal                           where
commands                         ftrace                           print-object                     skip                             while
compare-sections                 function                         printf                           source                           while-stepping
compile                          generate-core-file               ptype                            start                            winheight
complete                         goto-bookmark                    pwd                              starti                           ws
condition                        guile                            python                           step                             x
continue                         guile-repl                       python-interactive               stepi                            
core-file                        handle                           queue-signal                     stepping                         
define                           hbreak                           quit                             stop                             
delete                           help                             rbreak                           strace                           
(gdb) (gdb)  
(gdb) 
(gdb) 
(gdb) kkk(gdb) (gdb) (gdb) (gdb) ]phgvjgkjww::::;'l;[opi i9u7u8b6 hhgccgffg
(gdb) 
(gdb) q
